// Jest Snapshot v1, https://goo.gl/fbAQLP

exports[`MainPage expects to match Snapshot Object 1`] = `
<div
  className="tc"
>
  <h1
    className="f1"
  >
    RoboFriends
  </h1>
  <SearchBox
    searchChange={[MockFunction]}
  />
  <ErrorBoundary>
    <CardList
      robots={Array []}
    />
  </ErrorBoundary>
</div>
`;
